// Jest Snapshot v1, https://goo.gl/fbAQLP

exports[`LoginComponent tests renders correctly 1`] = `
<View
  style={Object {}}
>
  <View
    style={
      Object {
        "alignItems": "center",
        "justifyContent": "center",
      }
    }
  >
    <Component
      source={
        Object {
          "testUri": "../../../App/Assets/Images/logo.png",
        }
      }
      style={
        Object {
          "alignSelf": "center",
          "height": 180,
          "margin": 40,
          "width": 180,
        }
      }
    />
    <Styled(Item)
      rounded={true}
      style={
        Object {
          "width": "90%",
        }
      }
    >
      <Styled(Icon)
        name="ios-at"
      />
      <Styled(Input)
        accessibilityLabel="login-email"
        onChangeText={[Function]}
        placeholder="Email"
        testID="login-email"
      />
    </Styled(Item)>
    <Styled(Item)
      rounded={true}
      style={
        Array [
          Object {
            "width": "90%",
          },
          Object {
            "marginTop": 20,
          },
        ]
      }
    >
      <Styled(Icon)
        name="ios-lock"
      />
      <Styled(Input)
        accessibilityLabel="login-password"
        onChangeText={[Function]}
        placeholder="Password"
        secureTextEntry={true}
        testID="login-password"
      />
    </Styled(Item)>
    <Styled(Button)
      accessibilityLabel="login-button"
      onPress={[Function]}
      rounded={true}
      style={
        Object {
          "alignSelf": "center",
          "backgroundColor": "dodgerblue",
          "justifyContent": "center",
          "marginTop": 20,
          "width": "90%",
        }
      }
      testID="login-button"
    >
      <Styled(Text)>
        Login
      </Styled(Text)>
    </Styled(Button)>
    <View
      style={
        Object {
          "alignItems": "center",
          "flexDirection": "row",
          "justifyContent": "space-between",
          "marginTop": 20,
          "width": "95%",
        }
      }
    >
      <Styled(Button)
        transparent={true}
      >
        <Styled(Text)
          accessibilityLabel="signup-button"
          onPress={[Function]}
          style={
            Object {
              "color": "dodgerblue",
            }
          }
          testID="signup-button"
        >
          Registrati
        </Styled(Text)>
      </Styled(Button)>
      <Styled(Button)
        accessibilityLabel="signup-forgot"
        testID="signup-forgot"
        transparent={true}
      >
        <Styled(Text)
          style={
            Object {
              "color": "dodgerblue",
            }
          }
        >
          Password Dimenticata
        </Styled(Text)>
      </Styled(Button)>
    </View>
  </View>
</View>
`;
