// Jest Snapshot v1, https://goo.gl/fbAQLP

exports[`List tests renders correctly 1`] = `
<View
  style={
    Object {
      "backgroundColor": "#FEFEFE",
      "flex": 1,
    }
  }
>
  <TouchableOpacity
    activeOpacity={0.2}
    onPress={[Function]}
    style={
      Object {
        "backgroundColor": "#FAFAFA",
        "elevation": 5,
        "margin": 10,
        "padding": 10,
        "shadowColor": "black",
        "shadowOffset": Object {
          "height": 1,
          "width": 0,
        },
        "shadowOpacity": 0.8,
        "shadowRadius": 2,
      }
    }
  >
    <View
      style={
        Object {
          "flexDirection": "row",
        }
      }
    >
      <View
        style={
          Object {
            "flex": 0.9,
          }
        }
      >
        <Text
          accessibilityLabel="title-report"
          style={
            Object {
              "borderBottomColor": "#EAEAEA",
              "borderBottomWidth": 1,
              "fontFamily": "Avenir-Book",
              "fontSize": 26,
              "margin": 10,
              "padding": 5,
              "textAlign": "center",
            }
          }
          testID="title-report"
        >
          Divano abbandonato
        </Text>
        <View
          style={
            Object {
              "flexDirection": "row",
            }
          }
        >
          <View
            style={
              Object {
                "flex": 0.25,
                "padding": 5,
              }
            }
          >
            <Component
              source={
                Object {
                  "testUri": "../../../App/Assets/Images/default_report_image.png",
                }
              }
              style={
                Object {
                  "height": 80,
                  "width": 80,
                }
              }
            />
          </View>
          <View
            style={
              Object {
                "flex": 0.75,
                "flexDirection": "column",
              }
            }
          >
            <Text
              style={
                Object {
                  "flex": 0.1,
                  "fontSize": 14,
                }
              }
            >
              Via del Camoscio
            </Text>
            <Text
              accessibilityLabel="description-report"
              style={
                Object {
                  "flex": 0.8,
                  "fontFamily": "Avenir-Book",
                  "fontSize": 14,
                }
              }
              testID="description-report"
            >
              Divano abbandonato in via Gramsci
            </Text>
            <Text
              style={
                Object {
                  "color": "#808080",
                  "flex": 0.1,
                  "fontFamily": "Avenir-Book",
                  "fontSize": 12,
                }
              }
            >
              9 Dicembre 2018 alle 17:40
            </Text>
          </View>
        </View>
      </View>
      <View
        style={
          Object {
            "alignItems": "center",
            "borderLeftColor": "#EAEAEA",
            "borderLeftWidth": 1,
            "flex": 0.1,
            "flexDirection": "row",
            "justifyContent": "center",
            "paddingLeft": 5,
          }
        }
      >
        <Icon
          allowFontScaling={false}
          color="gray"
          name="chevron-right"
          size={20}
          style={
            Object {
              "flex": 1,
              "textAlign": "center",
            }
          }
        />
      </View>
    </View>
  </TouchableOpacity>
</View>
`;
